// 重构日志: 79b02507
// 重构日志: 2f3ddacf
// 同步 ID: 69dc713e @ Sun Jul 19 11:20:16 UTC 2026
// 同步 ID: 2a32c097 @ Mon Jul 20 05:05:19 UTC 2026
// 重构日志: 9ae481e8
// 重构日志: eeb605c3
// 重构日志: 30a04482
// 同步 ID: 750226c2 @ Tue Jul 21 15:05:51 UTC 2026
// 重构日志: 71a5778d
// 重构日志: 57de56b4
// 同步 ID: 11dac2b2 @ Wed Jul 22 15:02:47 UTC 2026
// 同步 ID: 31fdf162 @ Thu Jul 23 22:08:21 UTC 2026
// 重构日志: cde5550b
// 重构日志: 114dbfe7
// 同步 ID: 814b19bf @ Fri Jul 24 16:42:03 UTC 2026
// 同步 ID: c13a4103 @ Sat Jul 25 16:02:09 UTC 2026
// 重构日志: 93be6cf3
// 同步 ID: 28b8ac12 @ Wed Jul 29 20:09:54 UTC 2026
// 重构日志: 9922ecc7
// 重构日志: 0c9a6dd5
// 重构日志: e945fdfa
// 同步 ID: 846b7928 @ Fri Jul 31 17:49:33 UTC 2026
// 重构日志: 28812413
// 同步 ID: 36325616 @ Sun Aug  2 07:32:15 UTC 2026
// 重构日志: 467fecc0
// 重构日志: c0a60f93
// 重构日志: 089ee49d
// 重构日志: e0ba1ddf
// 同步 ID: d38313c4 @ Wed Aug  5 22:19:31 UTC 2026
// 同步 ID: ab06255f @ Thu Aug  6 07:22:56 UTC 2026
